ARM Linker, 5.03 [Build 76] [MDK-ARM Standard]

==============================================================================

Section Cross References

    application.o(.text) refers to led.o(.text) for rt_hw_led_init
    application.o(.text) refers to thread.o(.text) for rt_thread_delay
    application.o(.text) refers to application.o(.bss) for led_stack
    board.o(.text) refers to misc.o(.text) for NVIC_SetVectorTable
    board.o(.text) refers to irq.o(.text) for rt_interrupt_enter
    board.o(.text) refers to clock.o(.text) for rt_tick_increase
    board.o(.text) refers to usart.o(.text) for rt_hw_usart_init
    board.o(.text) refers to kservice.o(.text) for rt_console_set_device
    board.o(.text) refers to system_stm32f10x.o(.data) for SystemCoreClock
    startup.o(.text) refers to kservice.o(.text) for rt_kprintf
    startup.o(.text) refers to board.o(.text) for rt_hw_board_init
    startup.o(.text) refers to clock.o(.text) for rt_system_tick_init
    startup.o(.text) refers to object.o(.text) for rt_system_object_init
    startup.o(.text) refers to timer.o(.text) for rt_system_timer_init
    startup.o(.text) refers to mem.o(.text) for rt_system_heap_init
    startup.o(.text) refers to scheduler.o(.text) for rt_system_scheduler_init
    startup.o(.text) refers to rtc.o(.text) for rt_hw_rtc_init
    startup.o(.text) refers to device.o(.text) for rt_device_init_all
    startup.o(.text) refers to application.o(.text) for rt_application_init
    startup.o(.text) refers to shell.o(.text) for finsh_system_init
    startup.o(.text) refers to idle.o(.text) for rt_thread_idle_init
    startup.o(.text) refers to context_rvds.o(.text) for rt_hw_interrupt_disable
    stm32f10x_it.o(.text) refers to board.o(.text) for rt_hw_timer_handler
    stm32f10x_it.o(.text) refers to irq.o(.text) for rt_interrupt_enter
    stm32f10x_it.o(.text) refers to serial.o(.text) for rt_hw_serial_isr
    stm32f10x_it.o(.text) refers to usart.o(.bss) for uart1_device
    led.o(.text) refers to stm32f10x_rcc.o(.text) for RCC_APB2PeriphClockCmd
    led.o(.text) refers to stm32f10x_gpio.o(.text) for GPIO_Init
    led.o(.text) refers to led.o(.data) for led_inited
    led.o(FSymTab) refers to led.o(.constdata) for __fsym_led_name
    led.o(FSymTab) refers to led.o(.text) for led
    rtc.o(.text) refers to kservice.o(.text) for rt_kprintf
    rtc.o(.text) refers to stm32f10x_rtc.o(.text) for RTC_GetCounter
    rtc.o(.text) refers to stm32f10x_rcc.o(.text) for RCC_APB1PeriphClockCmd
    rtc.o(.text) refers to stm32f10x_pwr.o(.text) for PWR_BackupAccessCmd
    rtc.o(.text) refers to stm32f10x_bkp.o(.text) for BKP_WriteBackupRegister
    rtc.o(.text) refers to device.o(.text) for rt_device_register
    rtc.o(.text) refers to localtime.o(.text) for localtime
    rtc.o(.text) refers to mktime.o(.text) for mktime
    rtc.o(.text) refers to ctime.o(.text) for ctime
    rtc.o(.text) refers to rtc.o(.constdata) for __FUNCTION__
    rtc.o(.text) refers to rtc.o(.bss) for rtc
    rtc.o(FSymTab) refers to rtc.o(.constdata) for __fsym_set_date_name
    rtc.o(FSymTab) refers to rtc.o(.text) for set_date
    serial.o(.text) refers to kservice.o(.text) for rt_memset
    serial.o(.text) refers to mempool.o(.text) for rt_mp_init
    serial.o(.text) refers to stm32f10x_usart.o(.text) for USART_Cmd
    serial.o(.text) refers to context_rvds.o(.text) for rt_hw_interrupt_disable
    serial.o(.text) refers to stm32f10x_dma.o(.text) for DMA_Cmd
    serial.o(.text) refers to device.o(.text) for rt_device_register
    serial.o(.text) refers to serial.o(.constdata) for __FUNCTION__
    usart.o(.text) refers to stm32f10x_rcc.o(.text) for RCC_APB2PeriphClockCmd
    usart.o(.text) refers to stm32f10x_gpio.o(.text) for GPIO_Init
    usart.o(.text) refers to misc.o(.text) for NVIC_Init
    usart.o(.text) refers to stm32f10x_usart.o(.text) for USART_Init
    usart.o(.text) refers to serial.o(.text) for rt_hw_serial_register
    usart.o(.text) refers to usart.o(.data) for uart1
    usart.o(.text) refers to usart.o(.bss) for uart1_device
    usart.o(.data) refers to usart.o(.bss) for uart1_int_rx
    showmem.o(.text) refers to kservice.o(.text) for rt_kprintf
    showmem.o(.text) refers to showmem.o(.constdata) for __FUNCTION__
    cpuport.o(.text) refers to kservice.o(.text) for rt_kprintf
    cpuport.o(.text) refers to thread.o(.text) for rt_thread_self
    cpuport.o(.text) refers to cmd.o(.text) for list_thread
    cpuport.o(.text) refers to cpuport.o(.data) for rt_exception_hook
    cpuport.o(.text) refers to cpuport.o(.constdata) for __FUNCTION__
    context_rvds.o(.text) refers to cpuport.o(.text) for rt_hw_hard_fault_exception
    context_rvds.o(.text) refers to cpuport.o(.data) for rt_thread_switch_interrupt_flag
    misc.o(.text) refers to startup.o(.text) for assert_failed
    stm32f10x_adc.o(.text) refers to startup.o(.text) for assert_failed
    stm32f10x_adc.o(.text) refers to stm32f10x_rcc.o(.text) for RCC_APB2PeriphResetCmd
[...]
    RCC_LSEConfig                            0x0800306b   Thumb Code   160  stm32f10x_rcc.o(.text)
    RCC_LSICmd                               0x0800310b   Thumb Code    30  stm32f10x_rcc.o(.text)
    RCC_RTCCLKConfig                         0x08003129   Thumb Code    52  stm32f10x_rcc.o(.text)
    RCC_RTCCLKCmd                            0x0800315d   Thumb Code    32  stm32f10x_rcc.o(.text)
    RCC_GetClocksFreq                        0x0800317d   Thumb Code   208  stm32f10x_rcc.o(.text)
    RCC_AHBPeriphClockCmd                    0x0800324d   Thumb Code    86  stm32f10x_rcc.o(.text)
    RCC_APB2PeriphClockCmd                   0x080032a3   Thumb Code    82  stm32f10x_rcc.o(.text)
    RCC_APB1PeriphClockCmd                   0x080032f5   Thumb Code    82  stm32f10x_rcc.o(.text)
    RCC_APB2PeriphResetCmd                   0x08003347   Thumb Code    82  stm32f10x_rcc.o(.text)
    RCC_APB1PeriphResetCmd                   0x08003399   Thumb Code    82  stm32f10x_rcc.o(.text)
    RCC_BackupResetCmd                       0x080033eb   Thumb Code    32  stm32f10x_rcc.o(.text)
    RCC_ClockSecuritySystemCmd               0x0800340b   Thumb Code    30  stm32f10x_rcc.o(.text)
    RCC_MCOConfig                            0x08003429   Thumb Code    44  stm32f10x_rcc.o(.text)
    RCC_ClearFlag                            0x08003455   Thumb Code    18  stm32f10x_rcc.o(.text)
    RCC_GetITStatus                          0x08003467   Thumb Code    64  stm32f10x_rcc.o(.text)
    RCC_ClearITPendingBit                    0x080034a7   Thumb Code    34  stm32f10x_rcc.o(.text)
    RTC_ITConfig                             0x080034ed   Thumb Code    68  stm32f10x_rtc.o(.text)
    RTC_EnterConfigMode                      0x08003531   Thumb Code    18  stm32f10x_rtc.o(.text)
    RTC_ExitConfigMode                       0x08003543   Thumb Code    20  stm32f10x_rtc.o(.text)
    RTC_GetCounter                           0x08003557   Thumb Code    18  stm32f10x_rtc.o(.text)
    RTC_SetCounter                           0x08003569   Thumb Code    26  stm32f10x_rtc.o(.text)
    RTC_SetPrescaler                         0x08003583   Thumb Code    44  stm32f10x_rtc.o(.text)
    RTC_SetAlarm                             0x080035af   Thumb Code    26  stm32f10x_rtc.o(.text)
    RTC_GetDivider                           0x080035c9   Thumb Code    22  stm32f10x_rtc.o(.text)
    RTC_WaitForLastTask                      0x080035df   Thumb Code    16  stm32f10x_rtc.o(.text)
    RTC_WaitForSynchro                       0x080035ef   Thumb Code    34  stm32f10x_rtc.o(.text)
    RTC_GetFlagStatus                        0x08003611   Thumb Code    56  stm32f10x_rtc.o(.text)
    RTC_ClearFlag                            0x08003649   Thumb Code    42  stm32f10x_rtc.o(.text)
    RTC_GetITStatus                          0x08003673   Thumb Code    60  stm32f10x_rtc.o(.text)
    RTC_ClearITPendingBit                    0x080036af   Thumb Code    42  stm32f10x_rtc.o(.text)
    USART_DeInit                             0x0800371d   Thumb Code   174  stm32f10x_usart.o(.text)
    USART_Init                               0x080037cb   Thumb Code   450  stm32f10x_usart.o(.text)
    USART_StructInit                         0x0800398d   Thumb Code    24  stm32f10x_usart.o(.text)
    USART_ClockInit                          0x080039a5   Thumb Code   162  stm32f10x_usart.o(.text)
    USART_ClockStructInit                    0x08003a47   Thumb Code    12  stm32f10x_usart.o(.text)
    USART_Cmd                                0x08003a53   Thumb Code    90  stm32f10x_usart.o(.text)
    USART_ITConfig                           0x08003aad   Thumb Code   342  stm32f10x_usart.o(.text)
    USART_DMACmd                             0x08003c03   Thumb Code   114  stm32f10x_usart.o(.text)
    USART_SetAddress                         0x08003c75   Thumb Code    86  stm32f10x_usart.o(.text)
    USART_WakeUpConfig                       0x08003ccb   Thumb Code    90  stm32f10x_usart.o(.text)
    USART_ReceiverWakeUpCmd                  0x08003d25   Thumb Code    94  stm32f10x_usart.o(.text)
    USART_LINBreakDetectLengthConfig         0x08003d83   Thumb Code    88  stm32f10x_usart.o(.text)
    USART_LINCmd                             0x08003ddb   Thumb Code    94  stm32f10x_usart.o(.text)
    USART_SendData                           0x08003e39   Thumb Code    78  stm32f10x_usart.o(.text)
    USART_ReceiveData                        0x08003e87   Thumb Code    56  stm32f10x_usart.o(.text)
    USART_SendBreak                          0x08003ebf   Thumb Code    58  stm32f10x_usart.o(.text)
    USART_SetGuardTime                       0x08003ef9   Thumb Code    54  stm32f10x_usart.o(.text)
    USART_SetPrescaler                       0x08003f2f   Thumb Code    66  stm32f10x_usart.o(.text)
    USART_SmartCardCmd                       0x08003f71   Thumb Code   104  stm32f10x_usart.o(.text)
    USART_SmartCardNACKCmd                   0x08003fd9   Thumb Code    82  stm32f10x_usart.o(.text)
    USART_HalfDuplexCmd                      0x0800402b   Thumb Code    94  stm32f10x_usart.o(.text)
    USART_OverSampling8Cmd                   0x08004089   Thumb Code    92  stm32f10x_usart.o(.text)
    USART_OneBitMethodCmd                    0x080040e5   Thumb Code    94  stm32f10x_usart.o(.text)
    USART_IrDAConfig                         0x08004143   Thumb Code    88  stm32f10x_usart.o(.text)
    USART_IrDACmd                            0x0800419b   Thumb Code    94  stm32f10x_usart.o(.text)
    USART_GetFlagStatus                      0x080041f9   Thumb Code   164  stm32f10x_usart.o(.text)
    USART_ClearFlag                          0x0800429d   Thumb Code   122  stm32f10x_usart.o(.text)
    USART_GetITStatus                        0x08004317   Thumb Code   276  stm32f10x_usart.o(.text)
    USART_ClearITPendingBit                  0x0800442b   Thumb Code   156  stm32f10x_usart.o(.text)
    SystemInit                               0x080045b9   Thumb Code    78  system_stm32f10x.o(.text)
    SystemCoreClockUpdate                    0x08004607   Thumb Code   142  system_stm32f10x.o(.text)
    Reset_Handler                            0x080046b9   Thumb Code     8  startup_stm32f10x_hd.o(.text)
    ADC1_2_IRQHandler                        0x080046d3   Thumb Code     0  startup_stm32f10x_hd.o(.text)
    ADC3_IRQHandler                          0x080046d3   Thumb Code     0  startup_stm32f10x_hd.o(.text)
    CAN1_RX1_IRQHandler                      0x080046d3   Thumb Code     0  startup_stm32f10x_hd.o(.text)
    CAN1_SCE_IRQHandler                      0x080046d3   Thumb Code     0  startup_stm32f10x_hd.o(.text)
    DMA1_Channel1_IRQHandler                 0x080046d3   Thumb Code     0  startup_stm32f10x_hd.o(.text)
    DMA1_Channel3_IRQHandler                 0x080046d3   Thumb Code     0  startup_stm32f10x_hd.o(.text)
    DMA1_Channel4_IRQHandler                 0x080046d3   Thumb Code     0  startup_stm32f10x_hd.o(.text)
    DMA1_Channel5_IRQHandler                 0x080046d3   Thumb Code     0  startup_stm32f10x_hd.o(.text)
    DMA1_Channel6_IRQHandler                 0x080046d3   Thumb Code     0  startup_stm32f10x_hd.o(.text)
    DMA1_Channel7_IRQHandler                 0x080046d3   Thumb Code     0  startup_stm32f10x_hd.o(.text)
    DMA2_Channel1_IRQHandler                 0x080046d3   Thumb Code     0  startup_stm32f10x_hd.o(.text)
    DMA2_Channel2_IRQHandler                 0x080046d3   Thumb Code     0  startup_stm32f10x_hd.o(.text)
    DMA2_Channel3_IRQHandler                 0x080046d3   Thumb Code     0  startup_stm32f10x_hd.o(.text)
    DMA2_Channel4_5_IRQHandler               0x080046d3   Thumb Code     0  startup_stm32f10x_hd.o(.text)
    EXTI0_IRQHandler                         0x080046d3   Thumb Code     0  startup_stm32f10x_hd.o(.text)
    EXTI15_10_IRQHandler                     0x080046d3   Thumb Code     0  startup_stm32f10x_hd.o(.text)
    EXTI1_IRQHandler                         0x080046d3   Thumb Code     0  startup_stm32f10x_hd.o(.text)
    EXTI2_IRQHandler                         0x080046d3   Thumb Code     0  startup_stm32f10x_hd.o(.text)
    EXTI3_IRQHandler                         0x080046d3   Thumb Code     0  startup_stm32f10x_hd.o(.text)
    EXTI4_IRQHandler                         0x080046d3   Thumb Code     0  startup_stm32f10x_hd.o(.text)
    EXTI9_5_IRQHandler                       0x080046d3   Thumb Code     0  startup_stm32f10x_hd.o(.text)
    FLASH_IRQHandler                         0x080046d3   Thumb Code     0  startup_stm32f10x_hd.o(.text)
    FSMC_IRQHandler                          0x080046d3   Thumb Code     0  startup_stm32f10x_hd.o(.text)
    I2C1_ER_IRQHandler                       0x080046d3   Thumb Code     0  startup_stm32f10x_hd.o(.text)
    I2C1_EV_IRQHandler                       0x080046d3   Thumb Code     0  startup_stm32f10x_hd.o(.text)
    I2C2_ER_IRQHandler                       0x080046d3   Thumb Code     0  startup_stm32f10x_hd.o(.text)
    I2C2_EV_IRQHandler                       0x080046d3   Thumb Code     0  startup_stm32f10x_hd.o(.text)
    PVD_IRQHandler                           0x080046d3   Thumb Code     0  startup_stm32f10x_hd.o(.text)
    RCC_IRQHandler                           0x080046d3   Thumb Code     0  startup_stm32f10x_hd.o(.text)
    RTCAlarm_IRQHandler                      0x080046d3   Thumb Code     0  startup_stm32f10x_hd.o(.text)
    RTC_IRQHandler                           0x080046d3   Thumb Code     0  startup_stm32f10x_hd.o(.text)
    SDIO_IRQHandler                          0x080046d3   Thumb Code     0  startup_stm32f10x_hd.o(.text)
    SPI1_IRQHandler                          0x080046d3   Thumb Code     0  startup_stm32f10x_hd.o(.text)
    SPI2_IRQHandler                          0x080046d3   Thumb Code     0  startup_stm32f10x_hd.o(.text)
    SPI3_IRQHandler                          0x080046d3   Thumb Code     0  startup_stm32f10x_hd.o(.text)
    TAMPER_IRQHandler                        0x080046d3   Thumb Code     0  startup_stm32f10x_hd.o(.text)
    TIM1_BRK_IRQHandler                      0x080046d3   Thumb Code     0  startup_stm32f10x_hd.o(.text)
    TIM1_CC_IRQHandler                       0x080046d3   Thumb Code     0  startup_stm32f10x_hd.o(.text)
    TIM1_TRG_COM_IRQHandler                  0x080046d3   Thumb Code     0  startup_stm32f10x_hd.o(.text)
    TIM1_UP_IRQHandler                       0x080046d3   Thumb Code     0  startup_stm32f10x_hd.o(.text)
    TIM2_IRQHandler                          0x080046d3   Thumb Code     0  startup_stm32f10x_hd.o(.text)
    TIM3_IRQHandler                          0x080046d3   Thumb Code     0  startup_stm32f10x_hd.o(.text)
    TIM4_IRQHandler                          0x080046d3   Thumb Code     0  startup_stm32f10x_hd.o(.text)
    TIM5_IRQHandler                          0x080046d3   Thumb Code     0  startup_stm32f10x_hd.o(.text)
    TIM6_IRQHandler                          0x080046d3   Thumb Code     0  startup_stm32f10x_hd.o(.text)
    TIM7_IRQHandler                          0x080046d3   Thumb Code     0  startup_stm32f10x_hd.o(.text)
    TIM8_BRK_IRQHandler                      0x080046d3   Thumb Code     0  startup_stm32f10x_hd.o(.text)
    TIM8_CC_IRQHandler                       0x080046d3   Thumb Code     0  startup_stm32f10x_hd.o(.text)
    TIM8_TRG_COM_IRQHandler                  0x080046d3   Thumb Code     0  startup_stm32f10x_hd.o(.text)
    TIM8_UP_IRQHandler                       0x080046d3   Thumb Code     0  startup_stm32f10x_hd.o(.text)
    UART4_IRQHandler                         0x080046d3   Thumb Code     0  startup_stm32f10x_hd.o(.text)
    UART5_IRQHandler                         0x080046d3   Thumb Code     0  startup_stm32f10x_hd.o(.text)
    USBWakeUp_IRQHandler                     0x080046d3   Thumb Code     0  startup_stm32f10x_hd.o(.text)
    USB_HP_CAN1_TX_IRQHandler                0x080046d3   Thumb Code     0  startup_stm32f10x_hd.o(.text)
    USB_LP_CAN1_RX0_IRQHandler               0x080046d3   Thumb Code     0  startup_stm32f10x_hd.o(.text)
    WWDG_IRQHandler                          0x080046d3   Thumb Code     0  startup_stm32f10x_hd.o(.text)
    __user_initial_stackheap                 0x080046d5   Thumb Code     0  startup_stm32f10x_hd.o(.text)
    rt_system_tick_init                      0x080046f9   Thumb Code     2  clock.o(.text)
    rt_tick_get                              0x080046fb   Thumb Code     6  clock.o(.text)
    rt_tick_set                              0x08004701   Thumb Code    22  clock.o(.text)
    rt_tick_increase                         0x08004717   Thumb Code    42  clock.o(.text)
    rt_tick_from_millisecond                 0x08004741   Thumb Code    22  clock.o(.text)
    rt_device_find                           0x0800475d   Thumb Code    76  device.o(.text)
    rt_device_register                       0x080047a9   Thumb Code    46  device.o(.text)
    rt_device_unregister                     0x080047d7   Thumb Code    44  device.o(.text)
    rt_device_init_all                       0x08004803   Thumb Code    74  device.o(.text)
    rt_device_init                           0x0800484d   Thumb Code    82  device.o(.text)
    rt_device_open                           0x0800489f   Thumb Code   134  device.o(.text)
    rt_device_close                          0x08004925   Thumb Code    62  device.o(.text)
    rt_device_read                           0x08004963   Thumb Code    74  device.o(.text)
    rt_device_write                          0x080049ad   Thumb Code    74  device.o(.text)
    rt_device_control                        0x080049f7   Thumb Code    60  device.o(.text)
    rt_device_set_rx_indicate                0x08004a33   Thumb Code    44  device.o(.text)
    rt_device_set_tx_complete                0x08004a5f   Thumb Code    44  device.o(.text)
    rt_thread_idle_sethook                   0x08004b1d   Thumb Code     6  idle.o(.text)
    rt_thread_idle_excute                    0x08004b23   Thumb Code   174  idle.o(.text)
    rt_thread_idle_init                      0x08004be5   Thumb Code    38  idle.o(.text)
    rt_sem_init                              0x08004d31   Thumb Code    64  ipc.o(.text)
    rt_sem_detach                            0x08004d71   Thumb Code    52  ipc.o(.text)
    rt_sem_create                            0x08004da5   Thumb Code   102  ipc.o(.text)
    rt_sem_delete                            0x08004e0b   Thumb Code   114  ipc.o(.text)
    rt_sem_take                              0x08004e7d   Thumb Code   258  ipc.o(.text)
    rt_sem_trytake                           0x08004f7f   Thumb Code    14  ipc.o(.text)
    rt_sem_release                           0x08004f8d   Thumb Code    80  ipc.o(.text)
    rt_sem_control                           0x08004fdd   Thumb Code    86  ipc.o(.text)
    rt_mutex_init                            0x08005033   Thumb Code    76  ipc.o(.text)
    rt_mutex_detach                          0x0800507f   Thumb Code    54  ipc.o(.text)
    rt_mutex_create                          0x080050b5   Thumb Code   268  ipc.o(.text)
    rt_mutex_delete                          0x080051c1   Thumb Code   124  ipc.o(.text)
    rt_mutex_take                            0x0800523d   Thumb Code   334  ipc.o(.text)
    rt_mutex_release                         0x0800538b   Thumb Code   180  ipc.o(.text)
    rt_mutex_control                         0x0800543f   Thumb Code     8  ipc.o(.text)
    rt_event_init                            0x08005447   Thumb Code    66  ipc.o(.text)
    rt_event_detach                          0x08005489   Thumb Code    56  ipc.o(.text)
    rt_event_create                          0x080054c1   Thumb Code   104  ipc.o(.text)
    rt_event_delete                          0x08005529   Thumb Code   122  ipc.o(.text)
    rt_event_send                            0x080055a3   Thumb Code   294  ipc.o(.text)
    rt_event_recv                            0x080056c9   Thumb Code   346  ipc.o(.text)
    rt_event_control                         0x08005823   Thumb Code    86  ipc.o(.text)
    rt_mb_init                               0x08005879   Thumb Code    96  ipc.o(.text)
    rt_mb_detach                             0x080058d9   Thumb Code    64  ipc.o(.text)
    rt_mb_create                             0x08005919   Thumb Code   148  ipc.o(.text)
    rt_mb_delete                             0x080059ad   Thumb Code   192  ipc.o(.text)
    rt_mb_send_wait                          0x08005a6d   Thumb Code   376  ipc.o(.text)
    rt_mb_send                               0x08005be5   Thumb Code    18  ipc.o(.text)
    rt_mb_recv                               0x08005bf7   Thumb Code   410  ipc.o(.text)
    rt_mb_control                            0x08005d91   Thumb Code    98  ipc.o(.text)
    rt_mq_init                               0x08005df3   Thumb Code   182  ipc.o(.text)
    rt_mq_detach                             0x08005ea9   Thumb Code    58  ipc.o(.text)
    rt_mq_delete                             0x08005ee3   Thumb Code   130  ipc.o(.text)
    rt_mq_create                             0x08005f65   Thumb Code   194  ipc.o(.text)
    rt_mq_send                               0x08006027   Thumb Code   262  ipc.o(.text)
    rt_mq_urgent                             0x0800612d   Thumb Code   248  ipc.o(.text)
    rt_mq_recv                               0x08006225   Thumb Code   530  ipc.o(.text)
    rt_mq_control                            0x08006437   Thumb Code   118  ipc.o(.text)
    rt_interrupt_enter                       0x080064fd   Thumb Code    30  irq.o(.text)
    rt_interrupt_leave                       0x0800651b   Thumb Code    30  irq.o(.text)
    rt_interrupt_get_nest                    0x08006539   Thumb Code     6  irq.o(.text)
    rt_get_errno                             0x08006545   Thumb Code    32  kservice.o(.text)
    rt_set_errno                             0x08006565   Thumb Code    36  kservice.o(.text)
    _rt_errno                                0x08006589   Thumb Code    30  kservice.o(.text)
    rt_memset                                0x080065a7   Thumb Code    72  kservice.o(.text)
    rt_memcpy                                0x080065ef   Thumb Code   120  kservice.o(.text)
    rt_memmove                               0x08006667   Thumb Code    66  kservice.o(.text)
    rt_memcmp                                0x080066a9   Thumb Code    38  kservice.o(.text)
    rt_strlen                                0x080066cf   Thumb Code    18  kservice.o(.text)
    rt_strstr                                0x080066e1   Thumb Code    58  kservice.o(.text)
    rt_strcasecmp                            0x0800671b   Thumb Code    48  kservice.o(.text)
    rt_strncpy                               0x0800674b   Thumb Code    52  kservice.o(.text)
    rt_strncmp                               0x0800677f   Thumb Code    40  kservice.o(.text)
    rt_strcmp                                0x080067a7   Thumb Code    28  kservice.o(.text)
    rt_strdup                                0x080067c3   Thumb Code    40  kservice.o(.text)
    rt_hw_console_output                     0x080067eb   Thumb Code     2  kservice.o(.text)
    rt_kprintf                               0x08006ca5   Thumb Code    66  kservice.o(.text)
    rt_show_version                          0x08006ce7   Thumb Code    38  kservice.o(.text)
    rt_snprintf                              0x08006d0d   Thumb Code    38  kservice.o(.text)
    rt_vsprintf                              0x08006d33   Thumb Code    22  kservice.o(.text)
    rt_sprintf                               0x08006d49   Thumb Code    34  kservice.o(.text)
    rt_console_get_device                    0x08006d6b   Thumb Code     6  kservice.o(.text)
    rt_console_set_device                    0x08006d71   Thumb Code    48  kservice.o(.text)
    rt_malloc_align                          0x08006da1   Thumb Code    66  kservice.o(.text)
    rt_free_align                            0x08006de3   Thumb Code    16  kservice.o(.text)
    rt_malloc_sethook                        0x08006e8d   Thumb Code     6  mem.o(.text)
    rt_free_sethook                          0x08006e93   Thumb Code     6  mem.o(.text)
    rt_system_heap_init                      0x08006f6f   Thumb Code   222  mem.o(.text)
    rt_malloc                                0x0800704d   Thumb Code   936  mem.o(.text)
    rt_free                                  0x080073f5   Thumb Code   346  mem.o(.text)
    rt_realloc                               0x0800754f   Thumb Code   330  mem.o(.text)
    rt_calloc                                0x08007699   Thumb Code    98  mem.o(.text)
    rt_memory_info                           0x080076fb   Thumb Code    26  mem.o(.text)
    list_mem                                 0x08007715   Thumb Code    34  mem.o(.text)
    rt_mp_alloc_sethook                      0x0800783d   Thumb Code     6  mempool.o(.text)
    rt_mp_free_sethook                       0x08007843   Thumb Code     6  mempool.o(.text)
    rt_mp_init                               0x08007849   Thumb Code   146  mempool.o(.text)
    rt_mp_detach                             0x080078db   Thumb Code    94  mempool.o(.text)
    rt_mp_create                             0x08007939   Thumb Code   192  mempool.o(.text)
    rt_mp_delete                             0x080079f9   Thumb Code   160  mempool.o(.text)
    rt_mp_alloc                              0x08007a99   Thumb Code   246  mempool.o(.text)
    rt_mp_free                               0x08007b8f   Thumb Code    98  mempool.o(.text)
    rt_object_attach_sethook                 0x08007c9d   Thumb Code     6  object.o(.text)
    rt_object_detach_sethook                 0x08007ca3   Thumb Code     6  object.o(.text)
    rt_object_trytake_sethook                0x08007ca9   Thumb Code     6  object.o(.text)
    rt_object_take_sethook                   0x08007caf   Thumb Code     6  object.o(.text)
    rt_object_put_sethook                    0x08007cb5   Thumb Code     6  object.o(.text)
    rt_system_object_init                    0x08007cbb   Thumb Code     2  object.o(.text)
    rt_object_get_information                0x08007cbd   Thumb Code    10  object.o(.text)
    rt_object_init                           0x08007cc7   Thumb Code    76  object.o(.text)
    rt_object_detach                         0x08007d13   Thumb Code    74  object.o(.text)
    rt_object_allocate                       0x08007d5d   Thumb Code   150  object.o(.text)
    rt_object_delete                         0x08007df3   Thumb Code   120  object.o(.text)
    rt_object_is_systemobject                0x08007e6b   Thumb Code    52  object.o(.text)
    rt_object_find                           0x08007e9f   Thumb Code   110  object.o(.text)
    rt_scheduler_sethook                     0x08007fc5   Thumb Code     6  scheduler.o(.text)
    rt_system_scheduler_init                 0x0800802f   Thumb Code    56  scheduler.o(.text)
    rt_system_scheduler_start                0x08008067   Thumb Code   114  scheduler.o(.text)
    rt_schedule                              0x080080d9   Thumb Code   212  scheduler.o(.text)
    rt_schedule_insert_thread                0x080081ad   Thumb Code   100  scheduler.o(.text)
    rt_schedule_remove_thread                0x08008211   Thumb Code   112  scheduler.o(.text)
    rt_enter_critical                        0x08008281   Thumb Code    28  scheduler.o(.text)
    rt_exit_critical                         0x0800829d   Thumb Code    58  scheduler.o(.text)
    rt_thread_timeout                        0x08008409   Thumb Code   102  thread.o(.text)
    rt_thread_init                           0x08008513   Thumb Code   110  thread.o(.text)
    rt_thread_self                           0x08008581   Thumb Code     6  thread.o(.text)
    rt_thread_resume                         0x08008587   Thumb Code   108  thread.o(.text)
    rt_thread_startup                        0x080085f3   Thumb Code   116  thread.o(.text)
    rt_thread_detach                         0x08008667   Thumb Code    90  thread.o(.text)
    rt_thread_create                         0x080086c1   Thumb Code    80  thread.o(.text)
    rt_thread_delete                         0x08008711   Thumb Code    82  thread.o(.text)
    rt_thread_yield                          0x08008763   Thumb Code   316  thread.o(.text)
    rt_thread_suspend                        0x0800889f   Thumb Code    90  thread.o(.text)
    rt_thread_sleep                          0x080088f9   Thumb Code    98  thread.o(.text)
    rt_thread_delay                          0x0800895b   Thumb Code    12  thread.o(.text)
    rt_thread_control                        0x08008967   Thumb Code   146  thread.o(.text)
    rt_thread_find                           0x080089f9   Thumb Code    76  thread.o(.text)
    rt_timer_timeout_sethook                 0x08008a79   Thumb Code     6  timer.o(.text)
    rt_timer_init                            0x08008ac1   Thumb Code    76  timer.o(.text)
    rt_timer_detach                          0x08008b0d   Thumb Code    64  timer.o(.text)
    rt_timer_create                          0x08008b4d   Thumb Code    54  timer.o(.text)
    rt_timer_delete                          0x08008b83   Thumb Code    64  timer.o(.text)
    rt_timer_start                           0x08008bc3   Thumb Code   228  timer.o(.text)
    rt_timer_stop                            0x08008ca7   Thumb Code   100  timer.o(.text)
    rt_timer_control                         0x08008d0b   Thumb Code    94  timer.o(.text)
    rt_timer_check                           0x08008d69   Thumb Code   150  timer.o(.text)
    rt_timer_next_timeout_tick               0x08008dff   Thumb Code    10  timer.o(.text)
    rt_system_timer_init                     0x08008e09   Thumb Code     2  timer.o(.text)
    rt_system_timer_thread_init              0x08008e0b   Thumb Code     2  timer.o(.text)
    hello                                    0x08008eb1   Thumb Code    12  cmd.o(.text)
    version                                  0x08008ebd   Thumb Code    10  cmd.o(.text)
    list_thread                              0x08008f75   Thumb Code    10  cmd.o(.text)
    list_sem                                 0x08009013   Thumb Code    12  cmd.o(.text)
    list_event                               0x0800907f   Thumb Code    12  cmd.o(.text)
    list_mutex                               0x080090cd   Thumb Code    12  cmd.o(.text)
    list_mailbox                             0x08009151   Thumb Code    12  cmd.o(.text)
    list_msgqueue                            0x080091c9   Thumb Code    12  cmd.o(.text)
    list_mempool                             0x0800923b   Thumb Code    12  cmd.o(.text)
    list_timer                               0x08009679   Thumb Code    10  cmd.o(.text)
    list_device                              0x080096d1   Thumb Code    12  cmd.o(.text)
    list                                     0x080096dd   Thumb Code   110  cmd.o(.text)
    list_prefix                              0x0800978d   Thumb Code   424  cmd.o(.text)
    finsh_compiler_run                       0x0800b19b   Thumb Code    88  finsh_compiler.o(.text)
    finsh_error_init                         0x0800b205   Thumb Code     8  finsh_error.o(.text)
    finsh_error_set                          0x0800b20d   Thumb Code    10  finsh_error.o(.text)
    finsh_errno                              0x0800b217   Thumb Code     6  finsh_error.o(.text)
    finsh_error_string                       0x0800b21d   Thumb Code    10  finsh_error.o(.text)
    finsh_heap_init                          0x0800b231   Thumb Code    36  finsh_heap.o(.text)
    finsh_heap_free                          0x0800b355   Thumb Code    34  finsh_heap.o(.text)
    finsh_heap_allocate                      0x0800b3c5   Thumb Code   106  finsh_heap.o(.text)
    finsh_init                               0x0800b441   Thumb Code    30  finsh_init.o(.text)
    finsh_stack_bottom                       0x0800b45f   Thumb Code     6  finsh_init.o(.text)
    finsh_flush                              0x0800b465   Thumb Code    22  finsh_init.o(.text)
    finsh_reset                              0x0800b47b   Thumb Code    24  finsh_init.o(.text)
    finsh_node_init                          0x0800b499   Thumb Code    16  finsh_node.o(.text)
    finsh_node_allocate                      0x0800b4a9   Thumb Code    56  finsh_node.o(.text)
    finsh_node_new_id                        0x0800b4e1   Thumb Code   118  finsh_node.o(.text)
    finsh_node_new_char                      0x0800b557   Thumb Code    30  finsh_node.o(.text)
    finsh_node_new_int                       0x0800b575   Thumb Code    30  finsh_node.o(.text)
    finsh_node_new_long                      0x0800b593   Thumb Code    30  finsh_node.o(.text)
    finsh_node_new_string                    0x0800b5b1   Thumb Code    74  finsh_node.o(.text)
    finsh_node_new_ptr                       0x0800b5fb   Thumb Code    30  finsh_node.o(.text)
    OP_no_op                                 0x0800b61d   Thumb Code     2  finsh_ops.o(.text)
    OP_add_byte                              0x0800b61f   Thumb Code    42  finsh_ops.o(.text)
    OP_add_word                              0x0800b649   Thumb Code    44  finsh_ops.o(.text)
    OP_add_dword                             0x0800b675   Thumb Code    42  finsh_ops.o(.text)
    OP_sub_byte                              0x0800b69f   Thumb Code    42  finsh_ops.o(.text)
    OP_sub_word                              0x0800b6c9   Thumb Code    44  finsh_ops.o(.text)
    OP_sub_dword                             0x0800b6f5   Thumb Code    42  finsh_ops.o(.text)
    OP_div_byte                              0x0800b71f   Thumb Code    44  finsh_ops.o(.text)
    OP_div_word                              0x0800b74b   Thumb Code    46  finsh_ops.o(.text)
    OP_div_dword                             0x0800b779   Thumb Code    44  finsh_ops.o(.text)
    OP_mod_byte                              0x0800b7a5   Thumb Code    48  finsh_ops.o(.text)
    OP_mod_word                              0x0800b7d5   Thumb Code    48  finsh_ops.o(.text)
    OP_mod_dword                             0x0800b805   Thumb Code    48  finsh_ops.o(.text)
    OP_mul_byte                              0x0800b835   Thumb Code    42  finsh_ops.o(.text)
    OP_mul_word                              0x0800b85f   Thumb Code    44  finsh_ops.o(.text)
    OP_mul_dword                             0x0800b88b   Thumb Code    42  finsh_ops.o(.text)
    OP_and_byte                              0x0800b8b5   Thumb Code    42  finsh_ops.o(.text)
    OP_and_word                              0x0800b8df   Thumb Code    42  finsh_ops.o(.text)
    OP_and_dword                             0x0800b909   Thumb Code    42  finsh_ops.o(.text)
    OP_or_byte                               0x0800b933   Thumb Code    42  finsh_ops.o(.text)
    OP_or_word                               0x0800b95d   Thumb Code    42  finsh_ops.o(.text)
    OP_or_dword                              0x0800b987   Thumb Code    42  finsh_ops.o(.text)
    OP_xor_byte                              0x0800b9b1   Thumb Code    42  finsh_ops.o(.text)
    OP_xor_word                              0x0800b9db   Thumb Code    46  finsh_ops.o(.text)
    OP_xor_dword                             0x0800ba09   Thumb Code    42  finsh_ops.o(.text)
    OP_bw_byte                               0x0800ba33   Thumb Code    20  finsh_ops.o(.text)
    OP_bw_word                               0x0800ba47   Thumb Code    20  finsh_ops.o(.text)
    OP_bw_dword                              0x0800ba5b   Thumb Code    20  finsh_ops.o(.text)
    OP_shl_byte                              0x0800ba6f   Thumb Code    42  finsh_ops.o(.text)
    OP_shl_word                              0x0800ba99   Thumb Code    44  finsh_ops.o(.text)
    OP_shl_dword                             0x0800bac5   Thumb Code    42  finsh_ops.o(.text)
    OP_shr_byte                              0x0800baef   Thumb Code    42  finsh_ops.o(.text)
    OP_shr_word                              0x0800bb19   Thumb Code    42  finsh_ops.o(.text)
    OP_shr_dword                             0x0800bb43   Thumb Code    42  finsh_ops.o(.text)
    OP_ld_byte                               0x0800bb6d   Thumb Code    34  finsh_ops.o(.text)
    OP_ld_word                               0x0800bb8f   Thumb Code    46  finsh_ops.o(.text)
    OP_ld_dword                              0x0800bbbd   Thumb Code    64  finsh_ops.o(.text)
    OP_ld_value_byte                         0x0800bbfd   Thumb Code    66  finsh_ops.o(.text)
    OP_ld_value_byte_stack                   0x0800bc3f   Thumb Code    20  finsh_ops.o(.text)
    OP_ld_value_word                         0x0800bc53   Thumb Code    66  finsh_ops.o(.text)
    OP_ld_value_word_stack                   0x0800bc95   Thumb Code    20  finsh_ops.o(.text)
    OP_ld_value_dword                        0x0800bca9   Thumb Code    66  finsh_ops.o(.text)
    OP_ld_value_dword_stack                  0x0800bceb   Thumb Code    20  finsh_ops.o(.text)
    OP_st_byte                               0x0800bcff   Thumb Code    30  finsh_ops.o(.text)
    OP_st_word                               0x0800bd1d   Thumb Code    30  finsh_ops.o(.text)
    OP_st_dword                              0x0800bd3b   Thumb Code    30  finsh_ops.o(.text)
    OP_pop                                   0x0800bd59   Thumb Code    12  finsh_ops.o(.text)
    OP_call                                  0x0800bd65   Thumb Code   906  finsh_ops.o(.text)
    finsh_parser_run                         0x0800c985   Thumb Code   210  finsh_parser.o(.text)
    finsh_parser_init                        0x0800ca57   Thumb Code    16  finsh_parser.o(.text)
    finsh_token_init                         0x0800ca69   Thumb Code    20  finsh_token.o(.text)
    token_get_string                         0x0800ce43   Thumb Code   120  finsh_token.o(.text)
    finsh_token_token                        0x0800d075   Thumb Code    24  finsh_token.o(.text)
    finsh_token_get_token                    0x0800d08d   Thumb Code    20  finsh_token.o(.text)
    finsh_var_init                           0x0800d0a5   Thumb Code    14  finsh_var.o(.text)
    finsh_var_insert                         0x0800d0b3   Thumb Code   112  finsh_var.o(.text)
    finsh_var_delete                         0x0800d123   Thumb Code    68  finsh_var.o(.text)
    finsh_var_lookup                         0x0800d167   Thumb Code    58  finsh_var.o(.text)
    finsh_sysvar_append                      0x0800d1a1   Thumb Code    62  finsh_var.o(.text)
    finsh_sysvar_lookup                      0x0800d1df   Thumb Code    78  finsh_var.o(.text)
    finsh_vm_run                             0x0800d23d   Thumb Code    62  finsh_vm.o(.text)
    finsh_syscall_append                     0x0800d27b   Thumb Code    54  finsh_vm.o(.text)
    finsh_syscall_lookup                     0x0800d2b1   Thumb Code    78  finsh_vm.o(.text)
    strcmp                                   0x0800d321   Thumb Code    28  shell.o(.text)
    strdup                                   0x0800d33d   Thumb Code    40  shell.o(.text)
    finsh_set_device                         0x0800d399   Thumb Code   110  shell.o(.text)
    finsh_get_device                         0x0800d407   Thumb Code    46  shell.o(.text)
    finsh_set_echo                           0x0800d435   Thumb Code    60  shell.o(.text)
    finsh_get_echo                           0x0800d471   Thumb Code    50  shell.o(.text)
    finsh_auto_complete                      0x0800d4a3   Thumb Code    28  shell.o(.text)
    finsh_run_line                           0x0800d4bf   Thumb Code   150  shell.o(.text)
    finsh_handle_history                     0x0800d555   Thumb Code   264  shell.o(.text)
    finsh_push_history                       0x0800d65d   Thumb Code   174  shell.o(.text)
    finsh_thread_entry                       0x0800d70b   Thumb Code   718  shell.o(.text)
    finsh_system_function_init               0x0800d9d9   Thumb Code    10  shell.o(.text)
    finsh_system_var_init                    0x0800d9e3   Thumb Code    10  shell.o(.text)
    finsh_system_init                        0x0800d9ed   Thumb Code   116  shell.o(.text)
    atoi                                     0x0800dac1   Thumb Code    26  atoi.o(.text)
    strlen                                   0x0800dadb   Thumb Code    62  strlen.o(.text)
    strncmp                                  0x0800db19   Thumb Code   150  strncmp.o(.text)
    __aeabi_memcpy                           0x0800dbaf   Thumb Code     0  rt_memcpy_v6.o(.text)
    __rt_memcpy                              0x0800dbaf   Thumb Code   138  rt_memcpy_v6.o(.text)
    _memcpy_lastbytes                        0x0800dc15   Thumb Code     0  rt_memcpy_v6.o(.text)
    __aeabi_memcpy4                          0x0800dc39   Thumb Code     0  rt_memcpy_w.o(.text)
    __aeabi_memcpy8                          0x0800dc39   Thumb Code     0  rt_memcpy_w.o(.text)
    __rt_memcpy_w                            0x0800dc39   Thumb Code   100  rt_memcpy_w.o(.text)
    _memcpy_lastbytes_aligned                0x0800dc81   Thumb Code     0  rt_memcpy_w.o(.text)
    __aeabi_memclr                           0x0800dc9d   Thumb Code     0  rt_memclr.o(.text)
    __rt_memclr                              0x0800dc9d   Thumb Code    68  rt_memclr.o(.text)
    _memset                                  0x0800dca1   Thumb Code     0  rt_memclr.o(.text)
    __aeabi_memclr4                          0x0800dce1   Thumb Code     0  rt_memclr_w.o(.text)
    __aeabi_memclr8                          0x0800dce1   Thumb Code     0  rt_memclr_w.o(.text)
    __rt_memclr_w                            0x0800dce1   Thumb Code    78  rt_memclr_w.o(.text)
    _memset_w                                0x0800dce5   Thumb Code     0  rt_memclr_w.o(.text)
    strncpy                                  0x0800dd2f   Thumb Code    86  strncpy.o(.text)
    ctime                                    0x0800dd85   Thumb Code    14  ctime.o(.text)
    localtime                                0x0800dd95   Thumb Code     6  localtime.o(.text)
    mktime                                   0x0800ddd7   Thumb Code   358  mktime.o(.text)
    __use_two_region_memory                  0x0800df45   Thumb Code     2  heapauxi.o(.text)
    __rt_heap_escrow$2region                 0x0800df47   Thumb Code     2  heapauxi.o(.text)
    __rt_heap_expand$2region                 0x0800df49   Thumb Code     2  heapauxi.o(.text)
    __aeabi_errno_addr                       0x0800df4d   Thumb Code     8  rt_errno_addr_intlibspace.o(.text)
    __errno$intlibspace                      0x0800df4d   Thumb Code     0  rt_errno_addr_intlibspace.o(.text)
    __rt_errno_addr$intlibspace              0x0800df4d   Thumb Code     0  rt_errno_addr_intlibspace.o(.text)
    strtol                                   0x0800df55   Thumb Code   112  strtol.o(.text)
    asctime                                  0x0800dfc5   Thumb Code     6  asctime.o(.text)
    _localtime_r                             0x0800dfd1   Thumb Code   158  localtime_internal.o(.text)
    _n$localtime_r                           0x0800dfd1   Thumb Code     0  localtime_internal.o(.text)
    __user_libspace                          0x0800e075   Thumb Code     8  libspace.o(.text)
    __user_perproc_libspace                  0x0800e075   Thumb Code     0  libspace.o(.text)
    __user_perthread_libspace                0x0800e075   Thumb Code     0  libspace.o(.text)
    __rt_ctype_table                         0x0800e07d   Thumb Code    16  rt_ctype_table.o(.text)
    _strtoul                                 0x0800e08d   Thumb Code   158  _strtoul.o(.text)
    _asctime_r                               0x0800e12d   Thumb Code    74  asctime_internal.o(.text)
    _n$asctime_r                             0x0800e12d   Thumb Code     0  asctime_internal.o(.text)
    __user_setup_stackheap                   0x0800e195   Thumb Code    74  sys_stackheap_outer.o(.text)
    __rt_locale                              0x0800e1e1   Thumb Code     8  rt_locale_intlibspace.o(.text)
    sprintf                                  0x0800e1e9   Thumb Code    38  sprintf.o(.text)
    _chval                                   0x0800e215   Thumb Code    28  _chval.o(.text)
    exit                                     0x0800e231   Thumb Code    12  exit.o(.text)
    _printf_pre_padding                      0x0800e23d   Thumb Code    46  _printf_pad.o(.text)
    _printf_post_padding                     0x0800e26b   Thumb Code    36  _printf_pad.o(.text)
    _printf_truncate_signed                  0x0800e28f   Thumb Code    18  _printf_truncate.o(.text)
    _printf_truncate_unsigned                0x0800e2a1   Thumb Code    18  _printf_truncate.o(.text)
    _printf_str                              0x0800e2b3   Thumb Code    82  _printf_str.o(.text)
    _printf_int_dec                          0x0800e305   Thumb Code   102  _printf_dec.o(.text)
    _printf_charcount                        0x0800e37d   Thumb Code    42  _printf_charcount.o(.text)
    _printf_char_common                      0x0800e3b3   Thumb Code    32  _printf_char_common.o(.text)
    _sputc                                   0x0800e3d9   Thumb Code    10  _sputc.o(.text)
    _printf_wctomb                           0x0800e3e5   Thumb Code   182  _printf_wctomb.o(.text)
    _printf_longlong_dec                     0x0800e4a1   Thumb Code   104  _printf_longlong_dec.o(.text)
    _printf_longlong_oct                     0x0800e519   Thumb Code    76  _printf_oct_int_ll.o(.text)
    _printf_int_oct                          0x0800e565   Thumb Code    24  _printf_oct_int_ll.o(.text)
    _printf_ll_oct                           0x0800e57d   Thumb Code    12  _printf_oct_int_ll.o(.text)
    _printf_longlong_hex                     0x0800e591   Thumb Code    92  _printf_hex_int_ll_ptr.o(.text)
    _printf_int_hex                          0x0800e5ed   Thumb Code    28  _printf_hex_int_ll_ptr.o(.text)
    _printf_ll_hex                           0x0800e609   Thumb Code    12  _printf_hex_int_ll_ptr.o(.text)
    _printf_hex_ptr                          0x0800e615   Thumb Code    18  _printf_hex_int_ll_ptr.o(.text)
    __printf                                 0x0800e62d   Thumb Code   390  __printf_flags_ss_wp.o(.text)
    _ll_udiv10                               0x0800e7b9   Thumb Code   138  lludiv10.o(.text)
    _printf_int_common                       0x0800e843   Thumb Code   184  _printf_intcommon.o(.text)
    __lib_sel_fp_printf                      0x0800e8fb   Thumb Code     2  _printf_fp_dec.o(.text)
    _printf_fp_dec_real                      0x0800eaa7   Thumb Code   628  _printf_fp_dec.o(.text)
    _printf_fp_hex_real                      0x0800ed1d   Thumb Code   760  _printf_fp_hex.o(.text)
    _printf_cs_common                        0x0800f01d   Thumb Code    20  _printf_char.o(.text)
    _printf_char                             0x0800f031   Thumb Code    16  _printf_char.o(.text)
    _printf_string                           0x0800f041   Thumb Code     8  _printf_char.o(.text)
    _printf_lcs_common                       0x0800f049   Thumb Code    20  _printf_wchar.o(.text)
    _printf_wchar                            0x0800f05d   Thumb Code    16  _printf_wchar.o(.text)
    _printf_wstring                          0x0800f06d   Thumb Code     8  _printf_wchar.o(.text)
    _wcrtomb                                 0x0800f075   Thumb Code    64  _wcrtomb.o(.text)
    _sys_exit                                0x0800f0b5   Thumb Code     8  sys_exit.o(.text)
    _printf_fp_infnan                        0x0800f0c1   Thumb Code   112  _printf_fp_infnan.o(.text)
    _btod_etento                             0x0800f141   Thumb Code   222  bigflt0.o(.text)
    __I$use$semihosting                      0x0800f225   Thumb Code     0  use_no_semi.o(.text)
    __use_no_semihosting_swi                 0x0800f225   Thumb Code     2  use_no_semi.o(.text)
    __semihosting_library_function           0x0800f227   Thumb Code     0  indicate_semi.o(.text)
    _btod_d2e                                0x0800f227   Thumb Code    62  btod.o(CL$$btod_d2e)
    _d2e_denorm_low                          0x0800f265   Thumb Code    70  btod.o(CL$$btod_d2e_denorm_low)
    _d2e_norm_op1                            0x0800f2ab   Thumb Code    96  btod.o(CL$$btod_d2e_norm_op1)
    __btod_div_common                        0x0800f30b   Thumb Code   696  btod.o(CL$$btod_div_common)
    _e2e                                     0x0800f643   Thumb Code   198  btod.o(CL$$btod_e2e)
    _btod_ediv                               0x0800f709   Thumb Code    40  btod.o(CL$$btod_ediv)
    _btod_emul                               0x0800f731   Thumb Code    40  btod.o(CL$$btod_emul)
    __btod_mult_common                       0x0800f759   Thumb Code   580  btod.o(CL$$btod_mult_common)
    __ARM_fpclassify                         0x0800f99d   Thumb Code    40  fpclassify.o(i.__ARM_fpclassify)
    _is_digit                                0x0800f9c5   Thumb Code    14  __printf_wp.o(i._is_digit)
    _get_lc_ctype                            0x0800f9d5   Thumb Code    44  lc_ctype_c.o(locale$$code)
    _get_lc_time                             0x0800fa01   Thumb Code    44  lc_time_c.o(locale$$code)
    _get_lc_numeric                          0x0800fa2d   Thumb Code    44  lc_numeric_c.o(locale$$code)
    _printf_fp_dec                           0x0800fa59   Thumb Code     4  printf1.o(x$fpl$printf1)
    _printf_fp_hex                           0x0800fa5d   Thumb Code     4  printf2.o(x$fpl$printf2)
    __I$use$fp                               0x0800fa60   Number         0  usenofp.o(x$fpl$usenofp)
    __fsym_led_name                          0x0800fa60   Data           4  led.o(.constdata)
    __fsym_led_desc                          0x0800fa64   Data          32  led.o(.constdata)
    __fsym_set_date_name                     0x0800fa84   Data           9  rtc.o(.constdata)
    __fsym_set_date_desc                     0x0800fa8d   Data          35  rtc.o(.constdata)
    __fsym_set_time_name                     0x0800fab0   Data           9  rtc.o(.constdata)
    __fsym_set_time_desc                     0x0800fab9   Data          34  rtc.o(.constdata)
    __fsym_list_date_name                    0x0800fadb   Data          10  rtc.o(.constdata)
    __fsym_list_date_desc                    0x0800fae5   Data          20  rtc.o(.constdata)
    __fsym_list_mem_name                     0x0800fe48   Data           9  mem.o(.constdata)
    __fsym_list_mem_desc                     0x0800fe51   Data          30  mem.o(.constdata)
    rt_lowest_bitmap                         0x08010044   Data         256  scheduler.o(.constdata)
    __fsym_hello_name                        0x08010298   Data           6  cmd.o(.constdata)
    __fsym_hello_desc                        0x0801029e   Data          16  cmd.o(.constdata)
    __fsym_version_name                      0x080102ae   Data           8  cmd.o(.constdata)
    __fsym_version_desc                      0x080102b6   Data          35  cmd.o(.constdata)
    __fsym_list_thread_name                  0x080102d9   Data          12  cmd.o(.constdata)
    __fsym_list_thread_desc                  0x080102e5   Data          12  cmd.o(.constdata)
    __fsym_list_sem_name                     0x080102f1   Data           9  cmd.o(.constdata)
    __fsym_list_sem_desc                     0x080102fa   Data          25  cmd.o(.constdata)
    __fsym_list_event_name                   0x08010313   Data          11  cmd.o(.constdata)
    __fsym_list_event_desc                   0x0801031e   Data          21  cmd.o(.constdata)
    __fsym_list_mutex_name                   0x08010333   Data          11  cmd.o(.constdata)
    __fsym_list_mutex_desc                   0x0801033e   Data          21  cmd.o(.constdata)
    __fsym_list_mailbox_name                 0x08010353   Data          13  cmd.o(.constdata)
    __fsym_list_mailbox_desc                 0x08010360   Data          24  cmd.o(.constdata)
    __fsym_list_msgqueue_name                0x08010378   Data          14  cmd.o(.constdata)
    __fsym_list_msgqueue_desc                0x08010386   Data          29  cmd.o(.constdata)
    __fsym_list_mempool_name                 0x080103a3   Data          13  cmd.o(.constdata)
    __fsym_list_mempool_desc                 0x080103b0   Data          27  cmd.o(.constdata)
    __fsym_list_timer_name                   0x080103cb   Data          11  cmd.o(.constdata)
    __fsym_list_timer_desc                   0x080103d6   Data          21  cmd.o(.constdata)
    __fsym_list_device_name                  0x080103eb   Data          12  cmd.o(.constdata)
    __fsym_list_device_desc                  0x080103f7   Data          22  cmd.o(.constdata)
    __fsym_list_name                         0x0801040d   Data           5  cmd.o(.constdata)
    __fsym_list_desc                         0x08010412   Data          26  cmd.o(.constdata)
    __vsym_dummy_name                        0x0801042c   Data           6  cmd.o(.constdata)
    __vsym_dummy_desc                        0x08010432   Data          25  cmd.o(.constdata)
    op_table                                 0x08010524   Data         196  finsh_ops.o(.constdata)
    _monlen                                  0x08010675   Data          12  _monlen.o(.constdata)
    FSymTab$$Base                            0x0801095c   Number         0  led.o(FSymTab)
    __fsym_led                               0x0801095c   Data          12  led.o(FSymTab)
    __fsym_set_date                          0x08010968   Data          12  rtc.o(FSymTab)
    __fsym_set_time                          0x08010974   Data          12  rtc.o(FSymTab)
    __fsym_list_date                         0x08010980   Data          12  rtc.o(FSymTab)
    __fsym_list_mem                          0x0801098c   Data          12  mem.o(FSymTab)
    __fsym_hello                             0x08010998   Data          12  cmd.o(FSymTab)
    __fsym_version                           0x080109a4   Data          12  cmd.o(FSymTab)
    __fsym_list_thread                       0x080109b0   Data          12  cmd.o(FSymTab)
    __fsym_list_sem                          0x080109bc   Data          12  cmd.o(FSymTab)
    __fsym_list_event                        0x080109c8   Data          12  cmd.o(FSymTab)
    __fsym_list_mutex                        0x080109d4   Data          12  cmd.o(FSymTab)
    __fsym_list_mailbox                      0x080109e0   Data          12  cmd.o(FSymTab)
    __fsym_list_msgqueue                     0x080109ec   Data          12  cmd.o(FSymTab)
    __fsym_list_mempool                      0x080109f8   Data          12  cmd.o(FSymTab)
    __fsym_list_timer                        0x08010a04   Data          12  cmd.o(FSymTab)
    __fsym_list_device                       0x08010a10   Data          12  cmd.o(FSymTab)
    __fsym_list                              0x08010a1c   Data          12  cmd.o(FSymTab)
    FSymTab$$Limit                           0x08010a28   Number         0  cmd.o(FSymTab)
    Region$$Table$$Base                      0x08010a28   Number         0  anon$$obj.o(Region$$Table)
    Region$$Table$$Limit                     0x08010a48   Number         0  anon$$obj.o(Region$$Table)
    VSymTab$$Base                            0x08010a48   Number         0  cmd.o(VSymTab)
    __vsym_dummy                             0x08010a48   Data          16  cmd.o(VSymTab)
    VSymTab$$Limit                           0x08010a58   Number         0  cmd.o(VSymTab)
    __ctype                                  0x08010a65   Data           0  lc_ctype_c.o(locale$$data)
    uart1                                    0x20000004   Data          12  usart.o(.data)
    rt_interrupt_from_thread                 0x20000014   Data           4  cpuport.o(.data)
    rt_interrupt_to_thread                   0x20000018   Data           4  cpuport.o(.data)
    rt_thread_switch_interrupt_flag          0x2000001c   Data           4  cpuport.o(.data)
    SystemCoreClock                          0x20000034   Data           4  system_stm32f10x.o(.data)
    AHBPrescTable                            0x20000038   Data          16  system_stm32f10x.o(.data)
    rt_interrupt_nest                        0x20000050   Data           1  irq.o(.data)
    rt_object_container                      0x20000084   Data         144  object.o(.data)
    rt_object_trytake_hook                   0x2000011c   Data           4  object.o(.data)
    rt_object_take_hook                      0x20000120   Data           4  object.o(.data)
    rt_object_put_hook                       0x20000124   Data           4  object.o(.data)
    rt_current_thread                        0x2000012c   Data           4  scheduler.o(.data)
    rt_current_priority                      0x20000130   Data           1  scheduler.o(.data)
    rt_thread_ready_priority_group           0x20000134   Data           4  scheduler.o(.data)
    rt_thread_defunct                        0x20000138   Data           8  scheduler.o(.data)
    finsh_compile_sp                         0x20000154   Data           4  finsh_compiler.o(.data)
    finsh_compile_pc                         0x20000158   Data           4  finsh_compiler.o(.data)
    global_errno                             0x20000198   Data           1  finsh_error.o(.data)
    global_sysvar_list                       0x200001a4   Data           4  finsh_var.o(.data)
    global_syscall_list                      0x200001a8   Data           4  finsh_vm.o(.data)
    finsh_sp                                 0x200001ac   Data           4  finsh_vm.o(.data)
    finsh_pc                                 0x200001b0   Data           4  finsh_vm.o(.data)
    shell                                    0x200001b4   Data           4  shell.o(.data)
    _syscall_table_begin                     0x200001b8   Data           4  symbol.o(.data)
    _syscall_table_end                       0x200001bc   Data           4  symbol.o(.data)
    _sysvar_table_begin                      0x200001c0   Data           4  symbol.o(.data)
    _sysvar_table_end                        0x200001c4   Data           4  symbol.o(.data)
    uart1_int_rx                             0x20000708   Data          72  usart.o(.bss)
    uart1_device                             0x20000750   Data          64  usart.o(.bss)
    rt_thread_priority_table                 0x200009b0   Data         256  scheduler.o(.bss)
    finsh_heap                               0x20000ab0   Data         128  finsh_heap.o(.bss)
    global_node_table                        0x20000b30   Data         320  finsh_node.o(.bss)
    global_variable                          0x20000c70   Data         192  finsh_var.o(.bss)
    finsh_vm_stack                           0x20000d30   Data         256  finsh_vm.o(.bss)
    text_segment                             0x20000e30   Data         128  finsh_vm.o(.bss)
    __libspace_start                         0x200017a0   Data          96  libspace.o(.bss)
    __temporary_stack_top$libspace           0x20001800   Data           0  libspace.o(.bss)
    Image$$RW_IRAM1$$ZI$$Limit               0x20001e00   Number         0  startup_stm32f10x_hd.o(STACK)



==============================================================================

Memory Map of the image

  Image Entry point : 0x08000131

  Load Region LR_IROM1 (Base: 0x08000000, Size: 0x00010ec4, Max: 0x00040000, ABSOLUTE, COMPRESSED[0x00010dac])

    Execution Region ER_IROM1 (Base: 0x08000000, Size: 0x00010cfc, Max: 0x00040000, ABSOLUTE)

    Base Addr    Size         Type   Attr      Idx    E Section Name        Object

    0x08000000   0x00000130   Data   RO          636    RESET               startup_stm32f10x_hd.o
    0x08000130   0x00000008   Code   RO         1152  * !!!main             c_w.l(__main.o)
    0x08000138   0x00000034   Code   RO         1494    !!!scatter          c_w.l(__scatter.o)
    0x0800016c   0x0000005a   Code   RO         1492    !!dczerorl2         c_w.l(__dczerorl2.o)
    0x080001c6   0x00000002   PAD
    0x080001c8   0x0000001c   Code   RO         1496    !!handler_zi        c_w.l(__scatter_zi.o)
    0x080001e4   0x00000000   Code   RO         1300    .ARM.Collect$$_printf_percent$$00000000  c_w.l(_printf_percent.o)
    0x080001e4   0x00000006   Code   RO         1289    .ARM.Collect$$_printf_percent$$00000001  c_w.l(_printf_n.o)
    0x080001ea   0x00000006   Code   RO         1291    .ARM.Collect$$_printf_percent$$00000002  c_w.l(_printf_p.o)
    0x080001f0   0x00000006   Code   RO         1296    .ARM.Collect$$_printf_percent$$00000003  c_w.l(_printf_f.o)
    0x080001f6   0x00000006   Code   RO         1297    .ARM.Collect$$_printf_percent$$00000004  c_w.l(_printf_e.o)
    0x080001fc   0x00000006   Code   RO         1298    .ARM.Collect$$_printf_percent$$00000005  c_w.l(_printf_g.o)
    0x08000202   0x00000006   Code   RO         1299    .ARM.Collect$$_printf_percent$$00000006  c_w.l(_printf_a.o)
    0x08000208   0x0000000a   Code   RO         1304    .ARM.Collect$$_printf_percent$$00000007  c_w.l(_printf_ll.o)
    0x08000212   0x00000006   Code   RO         1293    .ARM.Collect$$_printf_percent$$00000008  c_w.l(_printf_i.o)
    0x08000218   0x00000006   Code   RO         1294    .ARM.Collect$$_printf_percent$$00000009  c_w.l(_printf_d.o)
    0x0800021e   0x00000006   Code   RO         1295    .ARM.Collect$$_printf_percent$$0000000A  c_w.l(_printf_u.o)
    0x08000224   0x00000006   Code   RO         1292    .ARM.Collect$$_printf_percent$$0000000B  c_w.l(_printf_o.o)
    0x0800022a   0x00000006   Code   RO         1290    .ARM.Collect$$_printf_percent$$0000000C  c_w.l(_printf_x.o)
    0x08000230   0x00000006   Code   RO         1301    .ARM.Collect$$_printf_percent$$0000000D  c_w.l(_printf_lli.o)
    0x08000236   0x00000006   Code   RO         1302    .ARM.Collect$$_printf_percent$$0000000E  c_w.l(_printf_lld.o)
    0x0800023c   0x00000006   Code   RO         1303    .ARM.Collect$$_printf_percent$$0000000F  c_w.l(_printf_llu.o)
    0x08000242   0x00000006   Code   RO         1308    .ARM.Collect$$_printf_percent$$00000010  c_w.l(_printf_llo.o)
    0x08000248   0x00000006   Code   RO         1309    .ARM.Collect$$_printf_percent$$00000011  c_w.l(_printf_llx.o)
    0x0800024e   0x0000000a   Code   RO         1305    .ARM.Collect$$_printf_percent$$00000012  c_w.l(_printf_l.o)
    0x08000258   0x00000006   Code   RO         1287    .ARM.Collect$$_printf_percent$$00000013  c_w.l(_printf_c.o)
    0x0800025e   0x00000006   Code   RO         1288    .ARM.Collect$$_printf_percent$$00000014  c_w.l(_printf_s.o)
    0x08000264   0x00000006   Code   RO         1306    .ARM.Collect$$_printf_percent$$00000015  c_w.l(_printf_lc.o)
    0x0800026a   0x00000006   Code   RO         1307    .ARM.Collect$$_printf_percent$$00000016  c_w.l(_printf_ls.o)
    0x08000270   0x00000004   Code   RO         1383    .ARM.Collect$$_printf_percent$$00000017  c_w.l(_printf_percent_end.o)
    0x08000274   0x00000002   Code   RO         1216    .ARM.Collect$$libinit$$00000000  c_w.l(libinit.o)
    0x08000276   0x00000000   Code   RO         1311    .ARM.Collect$$libinit$$00000002  c_w.l(libinit2.o)
    0x08000276   0x00000000   Code   RO         1314    .ARM.Collect$$libinit$$00000008  c_w.l(libinit2.o)
    0x08000276   0x00000000   Code   RO         1316    .ARM.Collect$$libinit$$0000000A  c_w.l(libinit2.o)
    0x08000276   0x00000000   Code   RO         1318    .ARM.Collect$$libinit$$0000000C  c_w.l(libinit2.o)
    0x08000276   0x00000006   Code   RO         1319    .ARM.Collect$$libinit$$0000000D  c_w.l(libinit2.o)
    0x0800027c   0x00000000   Code   RO         1321    .ARM.Collect$$libinit$$0000000F  c_w.l(libinit2.o)
    0x0800027c   0x0000000c   Code   RO         1322    .ARM.Collect$$libinit$$00000010  c_w.l(libinit2.o)
    0x08000288   0x00000000   Code   RO         1323    .ARM.Collect$$libinit$$00000011  c_w.l(libinit2.o)
    0x08000288   0x00000000   Code   RO         1325    .ARM.Collect$$libinit$$00000013  c_w.l(libinit2.o)
    0x08000288   0x0000000a   Code   RO         1326    .ARM.Collect$$libinit$$00000014  c_w.l(libinit2.o)
    0x08000292   0x00000000   Code   RO         1327    .ARM.Collect$$libinit$$00000015  c_w.l(libinit2.o)
    0x08000292   0x0000000a   Code   RO         1328    .ARM.Collect$$libinit$$00000016  c_w.l(libinit2.o)
    0x0800029c   0x00000000   Code   RO         1329    .ARM.Collect$$libinit$$00000017  c_w.l(libinit2.o)
    0x0800029c   0x00000000   Code   RO         1331    .ARM.Collect$$libinit$$00000019  c_w.l(libinit2.o)
    0x0800029c   0x00000000   Code   RO         1333    .ARM.Collect$$libinit$$0000001B  c_w.l(libinit2.o)
    0x0800029c   0x00000000   Code   RO         1335    .ARM.Collect$$libinit$$0000001D  c_w.l(libinit2.o)
    0x0800029c   0x00000000   Code   RO         1337    .ARM.Collect$$libinit$$0000001F  c_w.l(libinit2.o)
    0x0800029c   0x00000000   Code   RO         1339    .ARM.Collect$$libinit$$00000021  c_w.l(libinit2.o)
    0x0800029c   0x00000000   Code   RO         1341    .ARM.Collect$$libinit$$00000023  c_w.l(libinit2.o)
    0x0800029c   0x00000000   Code   RO         1345    .ARM.Collect$$libinit$$0000002A  c_w.l(libinit2.o)
    0x0800029c   0x00000000   Code   RO         1347    .ARM.Collect$$libinit$$0000002C  c_w.l(libinit2.o)
    0x0800029c   0x00000000   Code   RO         1349    .ARM.Collect$$libinit$$0000002E  c_w.l(libinit2.o)
    0x0800029c   0x00000000   Code   RO         1351    .ARM.Collect$$libinit$$00000030  c_w.l(libinit2.o)
    0x0800029c   0x00000002   Code   RO         1352    .ARM.Collect$$libinit$$00000031  c_w.l(libinit2.o)
    0x0800029e   0x00000002   Code   RO         1428    .ARM.Collect$$libshutdown$$00000000  c_w.l(libshutdown.o)
    0x080002a0   0x00000000   Code   RO         1447    .ARM.Collect$$libshutdown$$00000003  c_w.l(libshutdown2.o)
    0x080002a0   0x00000000   Code   RO         1450    .ARM.Collect$$libshutdown$$00000006  c_w.l(libshutdown2.o)
    0x080002a0   0x00000000   Code   RO         1453    .ARM.Collect$$libshutdown$$00000009  c_w.l(libshutdown2.o)
    0x080002a0   0x00000000   Code   RO         1455    .ARM.Collect$$libshutdown$$0000000B  c_w.l(libshutdown2.o)
    0x080002a0   0x00000000   Code   RO         1458    .ARM.Collect$$libshutdown$$0000000E  c_w.l(libshutdown2.o)
    0x080002a0   0x00000002   Code   RO         1459    .ARM.Collect$$libshutdown$$0000000F  c_w.l(libshutdown2.o)
    0x080002a2   0x00000000   Code   RO         1154    .ARM.Collect$$rtentry$$00000000  c_w.l(rtentry.o)
    0x080002a2   0x00000000   Code   RO         1172    .ARM.Collect$$rtentry$$00000002  c_w.l(rtentry2.o)
    0x080002a2   0x00000006   Code   RO         1184    .ARM.Collect$$rtentry$$00000004  c_w.l(rtentry4.o)
    0x080002a8   0x00000000   Code   RO         1174    .ARM.Collect$$rtentry$$00000009  c_w.l(rtentry2.o)
    0x080002a8   0x00000004   Code   RO         1175    .ARM.Collect$$rtentry$$0000000A  c_w.l(rtentry2.o)
    0x080002ac   0x00000000   Code   RO         1177    .ARM.Collect$$rtentry$$0000000C  c_w.l(rtentry2.o)
    0x080002ac   0x00000008   Code   RO         1178    .ARM.Collect$$rtentry$$0000000D  c_w.l(rtentry2.o)
    0x080002b4   0x00000002   Code   RO         1217    .ARM.Collect$$rtexit$$00000000  c_w.l(rtexit.o)
    0x080002b6   0x00000000   Code   RO         1362    .ARM.Collect$$rtexit$$00000002  c_w.l(rtexit2.o)
    0x080002b6   0x00000004   Code   RO         1363    .ARM.Collect$$rtexit$$00000003  c_w.l(rtexit2.o)
    0x080002ba   0x00000006   Code   RO         1364    .ARM.Collect$$rtexit$$00000004  c_w.l(rtexit2.o)
    0x080002c0   0x000000f4   Code   RO            1    .text               application.o
    0x080003b4   0x00000094   Code   RO           44    .text               board.o
    0x08000448   0x000000d4   Code   RO          145    .text               startup.o
    0x0800051c   0x00000038   Code   RO          165    .text               stm32f10x_it.o
    0x08000554   0x000000e0   Code   RO          181    .text               led.o
    0x08000634   0x000002b4   Code   RO          212    .text               rtc.o
    0x080008e8   0x0000062c   Code   RO          238    .text               serial.o
    0x08000f14   0x000000fc   Code   RO          254    .text               usart.o
    0x08001010   0x000001bc   Code   RO          307    .text               cpuport.o
    0x080011cc   0x000000c4   Code   RO          323    .text               context_rvds.o
    0x08001290   0x000001ec   Code   RO          328    .text               misc.o
    0x0800147c   0x000002d8   Code   RO          352    .text               stm32f10x_bkp.o
    0x08001754   0x00000910   Code   RO          424    .text               stm32f10x_dma.o
    0x08002064   0x00000a70   Code   RO          472    .text               stm32f10x_gpio.o
    0x08002ad4   0x000001cc   Code   RO          508    .text               stm32f10x_pwr.o
    0x08002ca0   0x0000084c   Code   RO          520    .text               stm32f10x_rcc.o
    0x080034ec   0x00000230   Code   RO          534    .text               stm32f10x_rtc.o
    0x0800371c   0x00000dc0   Code   RO          582    .text               stm32f10x_usart.o
    0x080044dc   0x000001dc   Code   RO          616    .text               system_stm32f10x.o
    0x080046b8   0x00000040   Code   RO          637    .text               startup_stm32f10x_hd.o
    0x080046f8   0x00000064   Code   RO          641    .text               clock.o
    0x0800475c   0x000003c0   Code   RO          655    .text               device.o
    0x08004b1c   0x00000168   Code   RO          669    .text               idle.o
    0x08004c84   0x00001878   Code   RO          689    .text               ipc.o
    0x080064fc   0x00000048   Code   RO          706    .text               irq.o
    0x08006544   0x00000948   Code   RO          721    .text               kservice.o
    0x08006e8c   0x000009b0   Code   RO          737    .text               mem.o
    0x0800783c   0x00000440   Code   RO          761    .text               mempool.o
    0x08007c7c   0x00000348   Code   RO          785    .text               object.o
    0x08007fc4   0x000003d0   Code   RO          805    .text               scheduler.o
    0x08008394   0x000006c4   Code   RO          832    .text               thread.o
    0x08008a58   0x00000444   Code   RO          849    .text               timer.o
    0x08008e9c   0x00000b70   Code   RO          868    .text               cmd.o
    0x08009a0c   0x000017f8   Code   RO          891    .text               finsh_compiler.o
    0x0800b204   0x0000002c   Code   RO          928    .text               finsh_error.o
    0x0800b230   0x00000210   Code   RO          944    .text               finsh_heap.o
    0x0800b440   0x00000058   Code   RO          960    .text               finsh_init.o
    0x0800b498   0x00000184   Code   RO          978    .text               finsh_node.o
    0x0800b61c   0x00000ad8   Code   RO          993    .text               finsh_ops.o
    0x0800c0f4   0x00000972   Code   RO         1011    .text               finsh_parser.o
    0x0800ca66   0x00000002   PAD
    0x0800ca68   0x0000063c   Code   RO         1026    .text               finsh_token.o
    0x0800d0a4   0x00000198   Code   RO         1041    .text               finsh_var.o
    0x0800d23c   0x000000e4   Code   RO         1064    .text               finsh_vm.o
    0x0800d320   0x000007a0   Code   RO         1091    .text               shell.o
    0x0800dac0   0x0000001a   Code   RO         1127    .text               c_w.l(atoi.o)
    0x0800dada   0x0000003e   Code   RO         1129    .text               c_w.l(strlen.o)
    0x0800db18   0x00000096   Code   RO         1131    .text               c_w.l(strncmp.o)
    0x0800dbae   0x0000008a   Code   RO         1133    .text               c_w.l(rt_memcpy_v6.o)
    0x0800dc38   0x00000064   Code   RO         1135    .text               c_w.l(rt_memcpy_w.o)
    0x0800dc9c   0x00000044   Code   RO         1137    .text               c_w.l(rt_memclr.o)
    0x0800dce0   0x0000004e   Code   RO         1139    .text               c_w.l(rt_memclr_w.o)
    0x0800dd2e   0x00000056   Code   RO         1141    .text               c_w.l(strncpy.o)
    0x0800dd84   0x0000000e   Code   RO         1143    .text               c_w.l(ctime.o)
    0x0800dd92   0x00000002   PAD
    0x0800dd94   0x0000000c   Code   RO         1145    .text               c_w.l(localtime.o)
    0x0800dda0   0x000001a4   Code   RO         1148    .text               c_w.l(mktime.o)
    0x0800df44   0x00000006   Code   RO         1150    .text               c_w.l(heapauxi.o)
    0x0800df4a   0x00000002   PAD
    0x0800df4c   0x00000008   Code   RO         1158    .text               c_w.l(rt_errno_addr_intlibspace.o)
    0x0800df54   0x00000070   Code   RO         1160    .text               c_w.l(strtol.o)
    0x0800dfc4   0x0000000c   Code   RO         1162    .text               c_w.l(asctime.o)
    0x0800dfd0   0x000000a4   Code   RO         1166    .text               c_w.l(localtime_internal.o)
    0x0800e074   0x00000008   Code   RO         1168    .text               c_w.l(libspace.o)
    0x0800e07c   0x00000010   Code   RO         1186    .text               c_w.l(rt_ctype_table.o)
    0x0800e08c   0x0000009e   Code   RO         1188    .text               c_w.l(_strtoul.o)
    0x0800e12a   0x00000002   PAD
    0x0800e12c   0x00000068   Code   RO         1190    .text               c_w.l(asctime_internal.o)
    0x0800e194   0x0000004a   Code   RO         1192    .text               c_w.l(sys_stackheap_outer.o)
    0x0800e1de   0x00000002   PAD
    0x0800e1e0   0x00000008   Code   RO         1197    .text               c_w.l(rt_locale_intlibspace.o)
    0x0800e1e8   0x0000002c   Code   RO         1199    .text               c_w.l(sprintf.o)
    0x0800e214   0x0000001c   Code   RO         1201    .text               c_w.l(_chval.o)
    0x0800e230   0x0000000c   Code   RO         1209    .text               c_w.l(exit.o)
    0x0800e23c   0x00000052   Code   RO         1221    .text               c_w.l(_printf_pad.o)
    0x0800e28e   0x00000024   Code   RO         1223    .text               c_w.l(_printf_truncate.o)
    0x0800e2b2   0x00000052   Code   RO         1225    .text               c_w.l(_printf_str.o)
    0x0800e304   0x00000078   Code   RO         1227    .text               c_w.l(_printf_dec.o)
    0x0800e37c   0x0000002a   Code   RO         1229    .text               c_w.l(_printf_charcount.o)
    0x0800e3a6   0x00000002   PAD
    0x0800e3a8   0x00000030   Code   RO         1231    .text               c_w.l(_printf_char_common.o)
    0x0800e3d8   0x0000000a   Code   RO         1233    .text               c_w.l(_sputc.o)
    0x0800e3e2   0x00000002   PAD
    0x0800e3e4   0x000000bc   Code   RO         1235    .text               c_w.l(_printf_wctomb.o)
    0x0800e4a0   0x00000078   Code   RO         1238    .text               c_w.l(_printf_longlong_dec.o)
    0x0800e518   0x00000078   Code   RO         1244    .text               c_w.l(_printf_oct_int_ll.o)
    0x0800e590   0x0000009c   Code   RO         1264    .text               c_w.l(_printf_hex_int_ll_ptr.o)
    0x0800e62c   0x0000018c   Code   RO         1284    .text               c_w.l(__printf_flags_ss_wp.o)
    0x0800e7b8   0x0000008a   Code   RO         1368    .text               c_w.l(lludiv10.o)
    0x0800e842   0x000000b8   Code   RO         1370    .text               c_w.l(_printf_intcommon.o)
    0x0800e8fa   0x00000420   Code   RO         1372    .text               c_w.l(_printf_fp_dec.o)
    0x0800ed1a   0x00000002   PAD
    0x0800ed1c   0x00000300   Code   RO         1374    .text               c_w.l(_printf_fp_hex.o)
    0x0800f01c   0x0000002c   Code   RO         1379    .text               c_w.l(_printf_char.o)
    0x0800f048   0x0000002c   Code   RO         1381    .text               c_w.l(_printf_wchar.o)
    0x0800f074   0x00000040   Code   RO         1384    .text               c_w.l(_wcrtomb.o)
    0x0800f0b4   0x0000000c   Code   RO         1390    .text               c_w.l(sys_exit.o)
    0x0800f0c0   0x00000080   Code   RO         1392    .text               c_w.l(_printf_fp_infnan.o)
    0x0800f140   0x000000e4   Code   RO         1394    .text               c_w.l(bigflt0.o)
    0x0800f224   0x00000002   Code   RO         1436    .text               c_w.l(use_no_semi.o)
    0x0800f226   0x00000000   Code   RO         1438    .text               c_w.l(indicate_semi.o)
    0x0800f226   0x0000003e   Code   RO         1397    CL$$btod_d2e        c_w.l(btod.o)
    0x0800f264   0x00000046   Code   RO         1399    CL$$btod_d2e_denorm_low  c_w.l(btod.o)
    0x0800f2aa   0x00000060   Code   RO         1398    CL$$btod_d2e_norm_op1  c_w.l(btod.o)
    0x0800f30a   0x00000338   Code   RO         1407    CL$$btod_div_common  c_w.l(btod.o)
    0x0800f642   0x000000c6   Code   RO         1404    CL$$btod_e2e        c_w.l(btod.o)
    0x0800f708   0x00000028   Code   RO         1401    CL$$btod_ediv       c_w.l(btod.o)
    0x0800f730   0x00000028   Code   RO         1400    CL$$btod_emul       c_w.l(btod.o)
    0x0800f758   0x00000244   Code   RO         1406    CL$$btod_mult_common  c_w.l(btod.o)
    0x0800f99c   0x00000028   Code   RO         1432    i.__ARM_fpclassify  m_ws.l(fpclassify.o)
    0x0800f9c4   0x0000000e   Code   RO         1277    i._is_digit         c_w.l(__printf_wp.o)
    0x0800f9d2   0x00000002   PAD
    0x0800f9d4   0x0000002c   Code   RO         1204    locale$$code        c_w.l(lc_ctype_c.o)
    0x0800fa00   0x0000002c   Code   RO         1207    locale$$code        c_w.l(lc_time_c.o)
    0x0800fa2c   0x0000002c   Code   RO         1420    locale$$code        c_w.l(lc_numeric_c.o)
    0x0800fa58   0x00000004   Code   RO         1353    x$fpl$printf1       fz_ws.l(printf1.o)
    0x0800fa5c   0x00000004   Code   RO         1355    x$fpl$printf2       fz_ws.l(printf2.o)
    0x0800fa60   0x00000000   Code   RO         1431    x$fpl$usenofp       fz_ws.l(usenofp.o)
    0x0800fa60   0x00000024   Data   RO          182    .constdata          led.o
    0x0800fa84   0x00000084   Data   RO          214    .constdata          rtc.o
    0x0800fb08   0x00000085   Data   RO          239    .constdata          serial.o
    0x0800fb8d   0x00000013   Data   RO          308    .constdata          cpuport.o
    0x0800fba0   0x000000a8   Data   RO          656    .constdata          device.o
    0x0800fc48   0x00000016   Data   RO          671    .constdata          idle.o
    0x0800fc5e   0x000001c6   Data   RO          690    .constdata          ipc.o
    0x0800fe24   0x00000022   Data   RO          723    .constdata          kservice.o
    0x0800fe46   0x00000002   PAD
    0x0800fe48   0x00000160   Data   RO          739    .constdata          mem.o
    0x0800ffa8   0x0000003e   Data   RO          762    .constdata          mempool.o
    0x0800ffe6   0x0000005e   Data   RO          786    .constdata          object.o
    0x08010044   0x0000014e   Data   RO          807    .constdata          scheduler.o
    0x08010192   0x000000aa   Data   RO          833    .constdata          thread.o
    0x0801023c   0x0000005c   Data   RO          850    .constdata          timer.o
    0x08010298   0x0000028b   Data   RO          869    .constdata          cmd.o
    0x08010523   0x00000001   PAD
    0x08010524   0x000000c4   Data   RO          994    .constdata          finsh_ops.o
    0x080105e8   0x00000040   Data   RO         1027    .constdata          finsh_token.o
    0x08010628   0x0000004d   Data   RO         1093    .constdata          shell.o
    0x08010675   0x0000000c   Data   RO         1165    .constdata          c_w.l(_monlen.o)
    0x08010681   0x00000003   PAD
    0x08010684   0x00000008   Data   RO         1236    .constdata          c_w.l(_printf_wctomb.o)
    0x0801068c   0x00000028   Data   RO         1265    .constdata          c_w.l(_printf_hex_int_ll_ptr.o)
    0x080106b4   0x00000011   Data   RO         1285    .constdata          c_w.l(__printf_flags_ss_wp.o)
    0x080106c5   0x00000026   Data   RO         1375    .constdata          c_w.l(_printf_fp_hex.o)
    0x080106eb   0x00000001   PAD
    0x080106ec   0x00000094   Data   RO         1395    .constdata          c_w.l(bigflt0.o)
    0x08010780   0x000000d6   Data   RO          870    .conststring        cmd.o
    0x08010856   0x000000d8   Data   RO          929    .conststring        finsh_error.o
    0x0801092e   0x0000002c   Data   RO         1028    .conststring        finsh_token.o
    0x0801095a   0x00000002   PAD
    0x0801095c   0x0000000c   Data   RO          184    FSymTab             led.o
    0x08010968   0x00000024   Data   RO          215    FSymTab             rtc.o
    0x0801098c   0x0000000c   Data   RO          741    FSymTab             mem.o
    0x08010998   0x00000090   Data   RO          872    FSymTab             cmd.o
    0x08010a28   0x00000020   Data   RO         1490    Region$$Table       anon$$obj.o
    0x08010a48   0x00000010   Data   RO          873    VSymTab             cmd.o
    0x08010a58   0x00000110   Data   RO         1203    locale$$data        c_w.l(lc_ctype_c.o)
    0x08010b68   0x00000178   Data   RO         1206    locale$$data        c_w.l(lc_time_c.o)
    0x08010ce0   0x0000001c   Data   RO         1419    locale$$data        c_w.l(lc_numeric_c.o)


    Execution Region RW_IRAM1 (Base: 0x20000000, Size: 0x00001e00, Max: 0x00010000, ABSOLUTE, COMPRESSED[0x000000b0])

    Base Addr    Size         Type   Attr      Idx    E Section Name        Object

    0x20000000   0x00000001   Data   RW          183    .data               led.o
    0x20000001   0x00000003   PAD
    0x20000004   0x0000000c   Data   RW          256    .data               usart.o
    0x20000010   0x00000010   Data   RW          309    .data               cpuport.o
    0x20000020   0x00000014   Data   RW          521    .data               stm32f10x_rcc.o
    0x20000034   0x00000014   Data   RW          617    .data               system_stm32f10x.o
    0x20000048   0x00000004   Data   RW          642    .data               clock.o
    0x2000004c   0x00000004   Data   RW          672    .data               idle.o
    0x20000050   0x00000001   Data   RW          707    .data               irq.o
    0x20000051   0x00000003   PAD
    0x20000054   0x00000008   Data   RW          724    .data               kservice.o
    0x2000005c   0x00000020   Data   RW          740    .data               mem.o
    0x2000007c   0x00000008   Data   RW          763    .data               mempool.o
    0x20000084   0x000000a4   Data   RW          787    .data               object.o
    0x20000128   0x0000001c   Data   RW          808    .data               scheduler.o
    0x20000144   0x0000000c   Data   RW          851    .data               timer.o
    0x20000150   0x00000004   Data   RW          871    .data               cmd.o
    0x20000154   0x00000008   Data   RW          892    .data               finsh_compiler.o
    0x2000015c   0x0000003d   Data   RW          930    .data               finsh_error.o
    0x20000199   0x00000003   PAD
    0x2000019c   0x00000008   Data   RW          946    .data               finsh_heap.o
    0x200001a4   0x00000004   Data   RW         1043    .data               finsh_var.o
    0x200001a8   0x0000000c   Data   RW         1066    .data               finsh_vm.o
    0x200001b4   0x00000004   Data   RW         1094    .data               shell.o
    0x200001b8   0x00000010   Data   RW         1112    .data               symbol.o
    0x200001c8   0x00000500   Zero   RW            2    .bss                application.o
    0x200006c8   0x00000040   Zero   RW          213    .bss                rtc.o
    0x20000708   0x00000088   Zero   RW          255    .bss                usart.o
    0x20000790   0x00000180   Zero   RW          670    .bss                idle.o
    0x20000910   0x00000080   Zero   RW          722    .bss                kservice.o
    0x20000990   0x00000020   Zero   RW          738    .bss                mem.o
    0x200009b0   0x00000100   Zero   RW          806    .bss                scheduler.o
    0x20000ab0   0x00000080   Zero   RW          945    .bss                finsh_heap.o
    0x20000b30   0x00000140   Zero   RW          979    .bss                finsh_node.o
    0x20000c70   0x000000c0   Zero   RW         1042    .bss                finsh_var.o
    0x20000d30   0x00000180   Zero   RW         1065    .bss                finsh_vm.o
    0x20000eb0   0x00000880   Zero   RW         1092    .bss                shell.o
    0x20001730   0x0000002c   Zero   RW         1146    .bss                c_w.l(localtime.o)
    0x2000175c   0x00000044   Zero   RW         1163    .bss                c_w.l(asctime.o)
    0x200017a0   0x00000060   Zero   RW         1169    .bss                c_w.l(libspace.o)
    0x20001800   0x00000200   Zero   RW          635    HEAP                startup_stm32f10x_hd.o
    0x20001a00   0x00000400   Zero   RW          634    STACK               startup_stm32f10x_hd.o


==============================================================================

Image component sizes


      Code (inc. data)   RO Data    RW Data    ZI Data      Debug   Object Name

       244         48          0          0       1280      11449   application.o
       148         22          0          0          0     256885   board.o
       100          6          0          4          0       1388   clock.o
      2928       1188       1025          4          0      10331   cmd.o
       196         20          0          0          0        772   context_rvds.o
       444        220         19         16          0       2615   cpuport.o
       960        146        168          0          0       4985   device.o
      6136        156          0          8          0      10690   finsh_compiler.o
        44         10        216         61          0       1617   finsh_error.o
       528         18          0          8        128       3355   finsh_heap.o
        88          6          0          0          0       1572   finsh_init.o
       388          4          0          0        320       3256   finsh_node.o
      2776         36        196          0          0       8692   finsh_ops.o
      2418         32          0          0          0       9537   finsh_parser.o
      1596         16        108          0          0       5736   finsh_token.o
       408         16          0          4        192       7189   finsh_var.o
       228         34          0         12        384       6862   finsh_vm.o
       360        106         22          4        384       2815   idle.o
      6264        402        454          0          0      20339   ipc.o
        72          6          0          1          0       1322   irq.o
      2376        168         34          8        128      10388   kservice.o
       224         10         48          1          0       7164   led.o
      2480        586        364         32         32       5799   mem.o
      1088        118         62          8          0       5222   mempool.o
       492         78          0          0          0       2001   misc.o
       840        184         94        164          0       5768   object.o
       692        174        168          0         64       4679   rtc.o
       976        184        334         28        256       4772   scheduler.o
      1580        298        133          0          0       5413   serial.o
      1952        272         77          4       2176       6165   shell.o
       212         98          0          0          0       1279   startup.o
        64         26        304          0       1536        864   startup_stm32f10x_hd.o
       728         74          0          0          0       3924   stm32f10x_bkp.o
      2320        164          0          0          0       5474   stm32f10x_dma.o
      2672        208          0          0          0       7053   stm32f10x_gpio.o
        56          6          0          0          0       1504   stm32f10x_it.o
       460         82          0          0          0       2131   stm32f10x_pwr.o
      2124        126          0         20          0       9964   stm32f10x_rcc.o
       560         68          0          0          0       2894   stm32f10x_rtc.o
      3520        152          0          0          0      10140   stm32f10x_usart.o
         0          0          0         16          0       4173   symbol.o
       476         36          0         20          0       1931   system_stm32f10x.o
      1732        244        170          0          0       7730   thread.o
      1092        128         92         12          0       6439   timer.o
       252         24          0         12        136       1341   usart.o

    ----------------------------------------------------------------------
     55296       6000       4125        456       7016     495619   Object Totals
         0          0         32          0          0          0   (incl. Generated)
         2          0          5          9          0          0   (incl. Padding)

    ----------------------------------------------------------------------

      Code (inc. data)   RO Data    RW Data    ZI Data      Debug   Library Member Name

        90          0          0          0          0          0   __dczerorl2.o
         8          0          0          0          0         68   __main.o
       396          6         17          0          0         92   __printf_flags_ss_wp.o
        14          0          0          0          0         68   __printf_wp.o
        52          8          0          0          0          0   __scatter.o
        28          0          0          0          0          0   __scatter_zi.o
        28          0          0          0          0         68   _chval.o
         0          0         12          0          0          0   _monlen.o
         6          0          0          0          0          0   _printf_a.o
         6          0          0          0          0          0   _printf_c.o
        44          0          0          0          0        108   _printf_char.o
        48          6          0          0          0         96   _printf_char_common.o
        42          0          0          0          0         68   _printf_charcount.o
         6          0          0          0          0          0   _printf_d.o
       120         18          0          0          0         92   _printf_dec.o
         6          0          0          0          0          0   _printf_e.o
         6          0          0          0          0          0   _printf_f.o
      1056          0          0          0          0        216   _printf_fp_dec.o
       768          8         38          0          0        100   _printf_fp_hex.o
       128         16          0          0          0         84   _printf_fp_infnan.o
         6          0          0          0          0          0   _printf_g.o
       156          6         40          0          0        160   _printf_hex_int_ll_ptr.o
         6          0          0          0          0          0   _printf_i.o
       184          0          0          0          0         88   _printf_intcommon.o
        10          0          0          0          0          0   _printf_l.o
         6          0          0          0          0          0   _printf_lc.o
        10          0          0          0          0          0   _printf_ll.o
         6          0          0          0          0          0   _printf_lld.o
         6          0          0          0          0          0   _printf_lli.o
         6          0          0          0          0          0   _printf_llo.o
         6          0          0          0          0          0   _printf_llu.o
         6          0          0          0          0          0   _printf_llx.o
       120         16          0          0          0         92   _printf_longlong_dec.o
         6          0          0          0          0          0   _printf_ls.o
         6          0          0          0          0          0   _printf_n.o
         6          0          0          0          0          0   _printf_o.o
       120          8          0          0          0        124   _printf_oct_int_ll.o
         6          0          0          0          0          0   _printf_p.o
        82          0          0          0          0        108   _printf_pad.o
         0          0          0          0          0          0   _printf_percent.o
         4          0          0          0          0          0   _printf_percent_end.o
         6          0          0          0          0          0   _printf_s.o
        82          0          0          0          0         80   _printf_str.o
        36          0          0          0          0         84   _printf_truncate.o
         6          0          0          0          0          0   _printf_u.o
        44          0          0          0          0        108   _printf_wchar.o
       188          6          8          0          0         92   _printf_wctomb.o
         6          0          0          0          0          0   _printf_x.o
        10          0          0          0          0         68   _sputc.o
       158          0          0          0          0         92   _strtoul.o
        64          0          0          0          0         92   _wcrtomb.o
        12          6          0          0         68         68   asctime.o
       104         30          0          0          0         88   asctime_internal.o
        26          0          0          0          0         80   atoi.o
       228          6        148          0          0         96   bigflt0.o
      1910        128          0          0          0        672   btod.o
        14          0          0          0          0         80   ctime.o
        12          0          0          0          0         72   exit.o
         6          0          0          0          0        152   heapauxi.o
         0          0          0          0          0          0   indicate_semi.o
        44         10        272          0          0         76   lc_ctype_c.o
        44         10         28          0          0         76   lc_numeric_c.o
        44         10        376          0          0         76   lc_time_c.o
         2          0          0          0          0          0   libinit.o
        40          0          0          0          0          0   libinit2.o
         2          0          0          0          0          0   libshutdown.o
         2          0          0          0          0          0   libshutdown2.o
         8          4          0          0         96         68   libspace.o
       138          0          0          0          0         80   lludiv10.o
        12          6          0          0         44         68   localtime.o
       164          6          0          0          0         80   localtime_internal.o
       420          8          0          0          0        128   mktime.o
        16          4          0          0          0         76   rt_ctype_table.o
         8          4          0          0          0         68   rt_errno_addr_intlibspace.o
         8          4          0          0          0         68   rt_locale_intlibspace.o
        68          0          0          0          0         68   rt_memclr.o
        78          0          0          0          0         80   rt_memclr_w.o
       138          0          0          0          0         68   rt_memcpy_v6.o
       100          0          0          0          0         80   rt_memcpy_w.o
         0          0          0          0          0          0   rtentry.o
        12          0          0          0          0          0   rtentry2.o
         6          0          0          0          0          0   rtentry4.o
         2          0          0          0          0          0   rtexit.o
        10          0          0          0          0          0   rtexit2.o
        44          6          0          0          0         84   sprintf.o
        62          0          0          0          0         76   strlen.o
       150          0          0          0          0         80   strncmp.o
        86          0          0          0          0         76   strncpy.o
       112          0          0          0          0         88   strtol.o
        12          4          0          0          0         68   sys_exit.o
        74          0          0          0          0         80   sys_stackheap_outer.o
         2          0          0          0          0         68   use_no_semi.o
         4          0          0          0          0         68   printf1.o
         4          0          0          0          0         68   printf2.o
         0          0          0          0          0          0   usenofp.o
        40          0          0          0          0         68   fpclassify.o

    ----------------------------------------------------------------------
      8496        344        943          0        208       5540   Library Totals
        18          0          4          0          0          0   (incl. Padding)

    ----------------------------------------------------------------------

      Code (inc. data)   RO Data    RW Data    ZI Data      Debug   Library Name

      8430        344        939          0        208       5336   c_w.l
         8          0          0          0          0        136   fz_ws.l
        40          0          0          0          0         68   m_ws.l

    ----------------------------------------------------------------------
      8496        344        943          0        208       5540   Library Totals

    ----------------------------------------------------------------------

==============================================================================


      Code (inc. data)   RO Data    RW Data    ZI Data      Debug   

     63792       6344       5068        456       7224     493983   Grand Totals
     63792       6344       5068        176       7224     493983   ELF Image Totals (compressed)
     63792       6344       5068        176          0          0   ROM Totals

==============================================================================

    Total RO  Size (Code + RO Data)                68860 (  67.25kB)
    Total RW  Size (RW Data + ZI Data)              7680 (   7.50kB)
    Total ROM Size (Code + RO Data + RW Data)      69036 (  67.42kB)

==============================================================================

